// Jest Snapshot v1, https://goo.gl/fbAQLP

exports[`Checkbox render checkbox is checked 1`] = `
<DocumentFragment>
  <div
    class="form-check"
    data-checked="true"
    data-testid="checkbox-custom"
    index="1"
  >
    <input
      checked=""
      class="form-check-input pe-none"
      id="flexCheckDefault"
      type="checkbox"
    />
    <label
      class="form-check-label pe-none"
      for="flexCheckDefault"
    >
      2022/06 - $100
    </label>
  </div>
</DocumentFragment>
`;
